{
  "version": "1.5.0",
  "plugins_used": [
    {
      "name": "ArtifactoryDetector"
    },
    {
      "name": "AWSKeyDetector"
    },
    {
      "name": "AzureStorageKeyDetector"
    },
    {
      "name": "Base64HighEntropyString",
      "limit": 4.5
    },
    {
      "name": "BasicAuthDetector"
    },
    {
      "name": "CloudantDetector"
    },
    {
      "name": "DiscordBotTokenDetector"
    },
    {
      "name": "GitHubTokenDetector"
    },
    {
      "name": "GitLabTokenDetector"
    },
    {
      "name": "HexHighEntropyString",
      "limit": 3.0
    },
    {
      "name": "IbmCloudIamDetector"
    },
    {
      "name": "IbmCosHmacDetector"
    },
    {
      "name": "IPPublicDetector"
    },
    {
      "name": "JwtTokenDetector"
    },
    {
      "name": "KeywordDetector",
      "keyword_exclude": ""
    },
    {
      "name": "MailchimpDetector"
    },
    {
      "name": "NpmDetector"
    },
    {
      "name": "OpenAIDetector"
    },
    {
      "name": "PrivateKeyDetector"
    },
    {
      "name": "PypiTokenDetector"
    },
    {
      "name": "SendGridDetector"
    },
    {
      "name": "SlackDetector"
    },
    {
      "name": "SoftlayerDetector"
    },
    {
      "name": "SquareOAuthDetector"
    },
    {
      "name": "StripeDetector"
    },
    {
      "name": "TelegramBotTokenDetector"
    },
    {
      "name": "TwilioKeyDetector"
    }
  ],
  "filters_used": [
    {
      "path": "detect_secrets.filters.allowlist.is_line_allowlisted"
    },
    {
      "path": "detect_secrets.filters.common.is_baseline_file",
      "filename": ".secrets.baseline"
    },
    {
      "path": "detect_secrets.filters.common.is_ignored_due_to_verification_policies",
      "min_level": 2
    },
    {
      "path": "detect_secrets.filters.heuristic.is_indirect_reference"
    },
    {
      "path": "detect_secrets.filters.heuristic.is_likely_id_string"
    },
    {
      "path": "detect_secrets.filters.heuristic.is_lock_file"
    },
    {
      "path": "detect_secrets.filters.heuristic.is_not_alphanumeric_string"
    },
    {
      "path": "detect_secrets.filters.heuristic.is_potential_uuid"
    },
    {
      "path": "detect_secrets.filters.heuristic.is_prefixed_with_dollar_sign"
    },
    {
      "path": "detect_secrets.filters.heuristic.is_sequential_string"
    },
    {
      "path": "detect_secrets.filters.heuristic.is_swagger_file"
    },
    {
      "path": "detect_secrets.filters.heuristic.is_templated_secret"
    },
    {
      "path": "detect_secrets.filters.regex.should_exclude_file",
      "pattern": [
        "\\.env",
        "AWSCommands\\.txt",
        "llm/",
        "aws/",
        "node_modules",
        "\\.git/"
      ]
    }
  ],
  "results": {
    "django/mysite/settings.py": [
      {
        "type": "Secret Keyword",
        "filename": "django/mysite/settings.py",
        "hashed_secret": "afc848c316af1a89d49826c5ae9d00ed769415f3",
        "is_verified": false,
        "line_number": 94
      }
    ],
    "django/portfolio/templates/portfolio/base.html": [
      {
        "type": "Base64 High Entropy String",
        "filename": "django/portfolio/templates/portfolio/base.html",
        "hashed_secret": "f17c42f8ab9446410559784684ae98aa45bdd019",
        "is_verified": false,
        "line_number": 7
      }
    ],
    "django/portfolio/templates/portfolio/login.html": [
      {
        "type": "Base64 High Entropy String",
        "filename": "django/portfolio/templates/portfolio/login.html",
        "hashed_secret": "f17c42f8ab9446410559784684ae98aa45bdd019",
        "is_verified": false,
        "line_number": 7
      }
    ],
    "django/portfolio/templates/portfolio/register.html": [
      {
        "type": "Base64 High Entropy String",
        "filename": "django/portfolio/templates/portfolio/register.html",
        "hashed_secret": "f17c42f8ab9446410559784684ae98aa45bdd019",
        "is_verified": false,
        "line_number": 7
      }
    ],
    "django/tests/test_changeflow.py": [
      {
        "type": "Secret Keyword",
        "filename": "django/tests/test_changeflow.py",
        "hashed_secret": "8bb6118f8fd6935ad0876a3be34a717d32708ffd",
        "is_verified": false,
        "line_number": 71
      }
    ],
    "django/tests/test_users.py": [
      {
        "type": "Secret Keyword",
        "filename": "django/tests/test_users.py",
        "hashed_secret": "5baa61e4c9b93f3f0682250b6cf8331b7ee68fd8",
        "is_verified": false,
        "line_number": 22
      }
    ],
    "react-app/__tests__/mocks/handlers.ts": [
      {
        "type": "JSON Web Token",
        "filename": "react-app/__tests__/mocks/handlers.ts",
        "hashed_secret": "7cbcb5cac5e50f54153ce9b8fb3741cfb83d9d99",
        "is_verified": false,
        "line_number": 336
      },
      {
        "type": "JSON Web Token",
        "filename": "react-app/__tests__/mocks/handlers.ts",
        "hashed_secret": "670609b9edbd6d3c207a997c028bdb2a9bbd3cae",
        "is_verified": false,
        "line_number": 338
      }
    ],
    "springboot/src/main/resources/application.properties": [
      {
        "type": "Secret Keyword",
        "filename": "springboot/src/main/resources/application.properties",
        "hashed_secret": "43f7cbf139f31e89209406fd8f1942033bd47aec",
        "is_verified": false,
        "line_number": 21
      }
    ]
  },
  "generated_at": "2026-07-24T20:39:42Z"
}
